// Jest Snapshot v1, https://goo.gl/fbAQLP

exports[`<NavLinks /> should match snapshot 1`] = `
.c0 {
  display: -webkit-box;
  display: -webkit-flex;
  display: -ms-flexbox;
  display: flex;
  -webkit-flex-flow: row wrap;
  -ms-flex-flow: row wrap;
  flex-flow: row wrap;
}

.c1 {
  -webkit-text-decoration: none;
  text-decoration: none;
  color: #f96e46;
  display: block;
  position: relative;
  font-size: 1.6rem;
  padding: 0.8rem;
  font-weight: bold;
}

.c1::after {
  content: '';
  position: absolute;
  bottom: 0.4rem;
  left: 0%;
  width: 0;
  height: 0.3rem;
  background: #00e8fc;
  -webkit-transition: all 300ms ease-in-out;
  transition: all 300ms ease-in-out;
}

.c1:hover::after {
  left: 25%;
  width: 50%;
}

@media (max-width:768px) {
  .c0 {
    -webkit-flex-flow: column wrap;
    -ms-flex-flow: column wrap;
    flex-flow: column wrap;
    -webkit-align-content: center;
    -ms-flex-line-pack: center;
    align-content: center;
  }
}

<nav
  class="c0"
>
  <a
    class="c1"
    href="#link01"
    target="_blank"
  >
    link 01
  </a>
  <a
    class="c1"
    href="#link02"
    target="_blank"
  >
    link 02
  </a>
  <a
    class="c1"
    href="#link03"
    target="_blank"
  >
    link 03
  </a>
  <a
    class="c1"
    href="#link04"
    target="_blank"
  >
    link 04
  </a>
  <a
    class="c1"
    href="#link05"
    target="_blank"
  >
    link 05
  </a>
</nav>
`;
